FAIL src/tests/MitoViewer.test.tsx (8.925 s)
  MitoViewer
    ΓêÜ renders the table with correct headers (123 ms)
    ├ù renders the table data correctly (40 ms)
    ΓêÜ displays row count information (21 ms)
    ΓêÜ shows truncation message when data is truncated (17 ms)
    ΓêÜ handles empty dataframe (8 ms)
    ΓêÜ filters data based on search term (254 ms)
    ΓêÜ shows no results message when search has no matches (239 ms)
    ΓêÜ shows truncation warning when search has no matches on truncated data (260 ms)
    ΓêÜ shows match count in row info when searching on truncated data (169 ms)
    ├ù sorts data when column headers are clicked (111 ms)
    ├ù cycles through sort directions (70 ms)
    ΓêÜ sorts numeric columns correctly (100 ms)
    ΓêÜ applies correct text alignment based on data types (24 ms)
    ΓêÜ handles rowspan correctly with multi-index data (47 ms)

  ΓùÅ MitoViewer ΓÇ║ renders the table data correctly

    TestingLibraryElementError: Unable to find an element with the text: 85.5. This could be because the text is broken up by multiple elements. In this case, you can provide a function for your text matcher to make your matcher more flexible.

    Ignored nodes: comments, script, style
    <body>
      <div>
        <div
          class="mito-viewer"
        >
          <div
            class="mito-viewer__controls"
          >
            <div
              class="mito-viewer__row-info "
            >
              Total Rows: 3
            </div>
            <div
              class="mito-viewer__search-container"
            >
              <input
                class="mito-viewer__search-input"
                placeholder="Search..."
                type="text"
                value=""
              />
            </div>
          </div>
          <div
            class="mito-viewer__table-container "
          >
            <table
              class="mito-viewer__table"
            >
              <thead>
                <tr
                  class="mito-viewer__header-row"
                >
                  <th
                    class="mito-viewer__header-cell"
                    rowspan="1"
                    style="width: 200px; min-width: 200px;"
                    title="index (int64)"
                  >
                    <span>
                      index
                    </span>
                    <span
                      class="mito-viewer__sort-icon-container"
                    >
                      <span
                        class="mito-viewer__sort-icon mito-viewer__sort-icon-inactive"
                      >
                        Γçà
                      </span>
                    </span>
                    <div
                      class="mito-viewer__column-dtype"
                    >
                      int64
                    </div>
                    <div
                      class="mito-viewer__resize-handle"
                    />
                  </th>
                  <th
                    class="mito-viewer__header-cell"
                    style="width: 200px; min-width: 200px;"
                    title="Name (object)"
                  >
                    <span>
                      Name
                    </span>
                    <span
                      class="mito-viewer__sort-icon-container"
                    >
                      <span
                        class="mito-viewer__sort-icon mito-viewer__sort-icon-inactive"
                      >
                        Γçà
                      </span>
                    </span>
                    <div
                      class="mito-viewer__column-dtype"
                    >
                      object
                    </div>
                    <div
                      class="mito-viewer__resize-handle"
                    />
                  </th>
                  <th
                    class="mito-viewer__header-cell"
                    style="width: 200px; min-width: 200px;"
                    title="Age (int64)"
                  >
                    <span>
                      Age
                    </span>
                    <span
                      class="mito-viewer__sort-icon-container"
                    >
                      <span
                        class="mito-viewer__sort-icon mito-viewer__sort-icon-inactive"
                      >
                        Γçà
                      </span>
                    </span>
                    <div
                      class="mito-viewer__column-dtype"
                    >
                      int64
                    </div>
                    <div
                      class="mito-viewer__resize-handle"
                    />
                  </th>
                  <th
                    class="mito-viewer__header-cell"
                    style="width: 200px; min-width: 200px;"
                    title="Score (float64)"
                  >
                    <span>
                      Score
                    </span>
                    <span
                      class="mito-viewer__sort-icon-container"
                    >
                      <span
                        class="mito-viewer__sort-icon mito-viewer__sort-icon-inactive"
                      >
                        Γçà
                      </span>
                    </span>
                    <div
                      class="mito-viewer__column-dtype"
                    >
                      float64
                    </div>
                    <div
                      class="mito-viewer__resize-handle"
                    />
                  </th>
                </tr>
              </thead>
              <tbody>
                <tr
                  class="mito-viewer__body-row mito-viewer__body-row-even"
                >
                  <td
                    class="mito-viewer__body-cell mito-viewer__body-cell-numeric mito-viewer__body-cell-index"
                    style="width: 200px; min-width: 200px;"
                    title="0"
                  >
                    0
                  </td>
                  <td
                    class="mito-viewer__body-cell mito-viewer__body-cell-text"
                    style="width: 200px; min-width: 200px;"
                    title="Alice"
                  >
                    Alice
                  </td>
                  <td
                    class="mito-viewer__body-cell mito-viewer__body-cell-numeric"
                    style="width: 200px; min-width: 200px;"
                    title="25"
                  >
                    25
                  </td>
                  <td
                    class="mito-viewer__body-cell mito-viewer__body-cell-numeric"
                    style="width: 200px; min-width: 200px;"
                    title="85.5"
                  >
                    <span
                      class="mito-viewer__numeric-aligned"
                    >
                      <span
                        class="mito-viewer__numeric-integer"
                      >
                        85
                      </span>
                      <span
                        class="mito-viewer__numeric-decimal-separator"
                      >
                        .
                      </span>
                      <span
                        class="mito-viewer__numeric-decimal"
                        style="min-width: 1ch;"
                      >
                        5
                      </span>
                    </span>
                  </td>
                </tr>
                <tr
                  class="mito-viewer__body-row mito-viewer__body-row-odd"
                >
                  <td
                    class="mito-viewer__body-cell mito-viewer__body-cell-numeric mito-viewer__body-cell-index"
                    style="width: 200px; min-width: 200px;"
                    title="1"
                  >
                    1
                  </td>
                  <td
                    class="mito-viewer__body-cell mito-viewer__body-cell-text"
                    style="width: 200px; min-width: 200px;"
                    title="Bob"
                  >
                    Bob
                  </td>
                  <td
                    class="mito-viewer__body-cell mito-viewer__body-cell-numeric"
                    style="width: 200px; min-width: 200px;"
                    title="30"
                  >
                    30
                  </td>
                  <td
                    class="mito-viewer__body-cell mito-viewer__body-cell-numeric"
                    style="width: 200px; min-width: 200px;"
                    title="92"
                  >
                    <span
                      class="mito-viewer__numeric-aligned"
                    >
                      <span
                        class="mito-viewer__numeric-integer"
                      >
                        92
                      </span>
                      <span
                        class="mito-viewer__numeric-decimal-separator"
                        style="visibility: hidden;"
                      >
                        .
                      </span>
                      <span
                        class="mito-viewer__numeric-decimal"
                        style="min-width: 1ch;"
                      />
                    </span>
                  </td>
                </tr>
                <tr
                  class="mito-viewer__body-row mito-viewer__body-row-even"
                >
                  <td
                    class="mito-viewer__body-cell mito-viewer__body-cell-numeric mito-viewer__body-cell-index"
                    style="width: 200px; min-width: 200px;"
                    title="2"
                  >
                    2
                  </td>
                  <td
                    class="mito-viewer__body-cell mito-viewer__body-cell-text"
                    style="width: 200px; min-width: 200px;"
                    title="Charlie"
                  >
                    Charlie
                  </td>
                  <td
                    class="mito-viewer__body-cell mito-viewer__body-cell-numeric"
                    style="width: 200px; min-width: 200px;"
                    title="35"
                  >
                    35
                  </td>
                  <td
                    class="mito-viewer__body-cell mito-viewer__body-cell-numeric"
                    style="width: 200px; min-width: 200px;"
                    title="78.2"
                  >
                    <span
                      class="mito-viewer__numeric-aligned"
                    >
                      <span
                        class="mito-viewer__numeric-integer"
                      >
                        78
                      </span>
                      <span
                        class="mito-viewer__numeric-decimal-separator"
                      >
                        .
                      </span>
                      <span
                        class="mito-viewer__numeric-decimal"
                        style="min-width: 1ch;"
                      >
                        2
                      </span>
                    </span>
                  </td>
                </tr>
              </tbody>
            </table>
          </div>
        </div>
      </div>
    </body>

      86 |         expect(screen.getByText("Alice")).toBeInTheDocument();
      87 |         expect(screen.getByText("25")).toBeInTheDocument();
    > 88 |         expect(screen.getByText("85.5")).toBeInTheDocument();
         |                       ^
      89 |         expect(screen.getByText("1")).toBeInTheDocument();
      90 |         expect(screen.getByText("30")).toBeInTheDocument();
      91 |         expect(screen.getByText("92")).toBeInTheDocument();

      at Object.getElementError (node_modules/@testing-library/dom/dist/config.js:37:19)
      at node_modules/@testing-library/dom/dist/query-helpers.js:76:38
      at node_modules/@testing-library/dom/dist/query-helpers.js:52:17
      at node_modules/@testing-library/dom/dist/query-helpers.js:95:19
      at Object.<anonymous> (src/tests/MitoViewer.test.tsx:88:23)

  ΓùÅ MitoViewer ΓÇ║ sorts data when column headers are clicked

    TestingLibraryElementError: Unable to find an element with the text: Γåæ. This could be because the text is broken up by multiple elements. In this case, you can provide a function for your text matcher to make your matcher more flexible.

    Ignored nodes: comments, script, style
    <body>
      <div>
        <div
          class="mito-viewer"
        >
          <div
            class="mito-viewer__controls"
          >
            <div
              class="mito-viewer__row-info "
            >
              Total Rows: 3
            </div>
            <div
              class="mito-viewer__search-container"
            >
              <input
                class="mito-viewer__search-input"
                placeholder="Search..."
                type="text"
                value=""
              />
            </div>
          </div>
          <div
            class="mito-viewer__table-container "
          >
            <table
              class="mito-viewer__table"
            >
              <thead>
                <tr
                  class="mito-viewer__header-row"
                >
                  <th
                    class="mito-viewer__header-cell"
                    rowspan="1"
                    style="width: 200px; min-width: 200px;"
                    title="index (int64)"
                  >
                    <span>
                      index
                    </span>
                    <span
                      class="mito-viewer__sort-icon-container"
                    >
                      <span
                        class="mito-viewer__sort-icon mito-viewer__sort-icon-inactive"
                      >
                        Γçà
                      </span>
                    </span>
                    <div
                      class="mito-viewer__column-dtype"
                    >
                      int64
                    </div>
                    <div
                      class="mito-viewer__resize-handle"
                    />
                  </th>
                  <th
                    class="mito-viewer__header-cell"
                    style="width: 200px; min-width: 200px;"
                    title="Name (object)"
                  >
                    <span>
                      Name
                    </span>
                    <span
                      class="mito-viewer__sort-icon-container"
                    >
                      <span
                        class="mito-viewer__sort-icon mito-viewer__sort-icon-inactive"
                      >
                        Γçà
                      </span>
                    </span>
                    <div
                      class="mito-viewer__column-dtype"
                    >
                      object
                    </div>
                    <div
                      class="mito-viewer__resize-handle"
                    />
                  </th>
                  <th
                    class="mito-viewer__header-cell"
                    style="width: 200px; min-width: 200px;"
                    title="Age (int64)"
                  >
                    <span>
                      Age
                    </span>
                    <span
                      class="mito-viewer__sort-icon-container"
                    >
                      <span
                        class="mito-viewer__sort-icon mito-viewer__sort-icon-inactive"
                      >
                        Γçà
                      </span>
                    </span>
                    <div
                      class="mito-viewer__column-dtype"
                    >
                      int64
                    </div>
                    <div
                      class="mito-viewer__resize-handle"
                    />
                  </th>
                  <th
                    class="mito-viewer__header-cell"
                    style="width: 200px; min-width: 200px;"
                    title="Score (float64)"
                  >
                    <span>
                      Score
                    </span>
                    <span
                      class="mito-viewer__sort-icon-container"
                    >
                      <span
                        class="mito-viewer__sort-icon mito-viewer__sort-icon-inactive"
                      >
                        Γçà
                      </span>
                    </span>
                    <div
                      class="mito-viewer__column-dtype"
                    >
                      float64
                    </div>
                    <div
                      class="mito-viewer__resize-handle"
                    />
                  </th>
                </tr>
              </thead>
              <tbody>
                <tr
                  class="mito-viewer__body-row mito-viewer__body-row-even"
                >
                  <td
                    class="mito-viewer__body-cell mito-viewer__body-cell-numeric mito-viewer__body-cell-index"
                    style="width: 200px; min-width: 200px;"
                    title="0"
                  >
                    0
                  </td>
                  <td
                    class="mito-viewer__body-cell mito-viewer__body-cell-text"
                    style="width: 200px; min-width: 200px;"
                    title="Alice"
                  >
                    Alice
                  </td>
                  <td
                    class="mito-viewer__body-cell mito-viewer__body-cell-numeric"
                    style="width: 200px; min-width: 200px;"
                    title="25"
                  >
                    25
                  </td>
                  <td
                    class="mito-viewer__body-cell mito-viewer__body-cell-numeric"
                    style="width: 200px; min-width: 200px;"
                    title="85.5"
                  >
                    <span
                      class="mito-viewer__numeric-aligned"
                    >
                      <span
                        class="mito-viewer__numeric-integer"
                      >
                        85
                      </span>
                      <span
                        class="mito-viewer__numeric-decimal-separator"
                      >
                        .
                      </span>
                      <span
                        class="mito-viewer__numeric-decimal"
                        style="min-width: 1ch;"
                      >
                        5
                      </span>
                    </span>
                  </td>
                </tr>
                <tr
                  class="mito-viewer__body-row mito-viewer__body-row-odd"
                >
                  <td
                    class="mito-viewer__body-cell mito-viewer__body-cell-numeric mito-viewer__body-cell-index"
                    style="width: 200px; min-width: 200px;"
                    title="1"
                  >
                    1
                  </td>
                  <td
                    class="mito-viewer__body-cell mito-viewer__body-cell-text"
                    style="width: 200px; min-width: 200px;"
                    title="Bob"
                  >
                    Bob
                  </td>
                  <td
                    class="mito-viewer__body-cell mito-viewer__body-cell-numeric"
                    style="width: 200px; min-width: 200px;"
                    title="30"
                  >
                    30
                  </td>
                  <td
                    class="mito-viewer__body-cell mito-viewer__body-cell-numeric"
                    style="width: 200px; min-width: 200px;"
                    title="92"
                  >
                    <span
                      class="mito-viewer__numeric-aligned"
                    >
                      <span
                        class="mito-viewer__numeric-integer"
                      >
                        92
                      </span>
                      <span
                        class="mito-viewer__numeric-decimal-separator"
                        style="visibility: hidden;"
                      >
                        .
                      </span>
                      <span
                        class="mito-viewer__numeric-decimal"
                        style="min-width: 1ch;"
                      />
                    </span>
                  </td>
                </tr>
                <tr
                  class="mito-viewer__body-row mito-viewer__body-row-even"
                >
                  <td
                    class="mito-viewer__body-cell mito-viewer__body-cell-numeric mito-viewer__body-cell-index"
                    style="width: 200px; min-width: 200px;"
                    title="2"
                  >
                    2
                  </td>
                  <td
                    class="mito-viewer__body-cell mito-viewer__body-cell-text"
                    style="width: 200px; min-width: 200px;"
                    title="Charlie"
                  >
                    Charlie
                  </td>
                  <td
                    class="mito-viewer__body-cell mito-viewer__body-cell-numeric"
                    style="width: 200px; min-width: 200px;"
                    title="35"
                  >
                    35
                  </td>
                  <td
                    class="mito-viewer__body-cell mito-viewer__body-cell-numeric"
                    style="width: 200px; min-width: 200px;"
                    title="78.2"
                  >
                    <span
                      class="mito-viewer__numeric-aligned"
                    >
                      <span
                        class="mito-viewer__numeric-integer"
                      >
                        78
                      </span>
                      <span
                        class="mito-viewer__numeric-decimal-separator"
                      >
                        .
                      </span>
                      <span
                        class="mito-viewer__numeric-decimal"
                        style="min-width: 1ch;"
                      >
                        2
                      </span>
                    </span>
                  </td>
                </tr>
              </tbody>
            </table>
          </div>
        </div>
      </div>
    </body>

      196 |
      197 |         // Check that sort icon appears
    > 198 |         expect(screen.getByText("Γåæ")).toBeInTheDocument();
          |                       ^
      199 |
      200 |         // Data should be sorted ascending by name
      201 |         const rows = screen.getAllByRole("row");

      at Object.getElementError (node_modules/@testing-library/dom/dist/config.js:37:19)
      at node_modules/@testing-library/dom/dist/query-helpers.js:76:38
      at node_modules/@testing-library/dom/dist/query-helpers.js:52:17
      at node_modules/@testing-library/dom/dist/query-helpers.js:95:19
      at Object.<anonymous> (src/tests/MitoViewer.test.tsx:198:23)

  ΓùÅ MitoViewer ΓÇ║ cycles through sort directions

    TestingLibraryElementError: Unable to find an element with the text: Γåæ. This could be because the text is broken up by multiple elements. In this case, you can provide a function for your text matcher to make your matcher more flexible.

    Ignored nodes: comments, script, style
    <body>
      <div>
        <div
          class="mito-viewer"
        >
          <div
            class="mito-viewer__controls"
          >
            <div
              class="mito-viewer__row-info "
            >
              Total Rows: 3
            </div>
            <div
              class="mito-viewer__search-container"
            >
              <input
                class="mito-viewer__search-input"
                placeholder="Search..."
                type="text"
                value=""
              />
            </div>
          </div>
          <div
            class="mito-viewer__table-container "
          >
            <table
              class="mito-viewer__table"
            >
              <thead>
                <tr
                  class="mito-viewer__header-row"
                >
                  <th
                    class="mito-viewer__header-cell"
                    rowspan="1"
                    style="width: 200px; min-width: 200px;"
                    title="index (int64)"
                  >
                    <span>
                      index
                    </span>
                    <span
                      class="mito-viewer__sort-icon-container"
                    >
                      <span
                        class="mito-viewer__sort-icon mito-viewer__sort-icon-inactive"
                      >
                        Γçà
                      </span>
                    </span>
                    <div
                      class="mito-viewer__column-dtype"
                    >
                      int64
                    </div>
                    <div
                      class="mito-viewer__resize-handle"
                    />
                  </th>
                  <th
                    class="mito-viewer__header-cell"
                    style="width: 200px; min-width: 200px;"
                    title="Name (object)"
                  >
                    <span>
                      Name
                    </span>
                    <span
                      class="mito-viewer__sort-icon-container"
                    >
                      <span
                        class="mito-viewer__sort-icon mito-viewer__sort-icon-inactive"
                      >
                        Γçà
                      </span>
                    </span>
                    <div
                      class="mito-viewer__column-dtype"
                    >
                      object
                    </div>
                    <div
                      class="mito-viewer__resize-handle"
                    />
                  </th>
                  <th
                    class="mito-viewer__header-cell"
                    style="width: 200px; min-width: 200px;"
                    title="Age (int64)"
                  >
                    <span>
                      Age
                    </span>
                    <span
                      class="mito-viewer__sort-icon-container"
                    >
                      <span
                        class="mito-viewer__sort-icon mito-viewer__sort-icon-inactive"
                      >
                        Γçà
                      </span>
                    </span>
                    <div
                      class="mito-viewer__column-dtype"
                    >
                      int64
                    </div>
                    <div
                      class="mito-viewer__resize-handle"
                    />
                  </th>
                  <th
                    class="mito-viewer__header-cell"
                    style="width: 200px; min-width: 200px;"
                    title="Score (float64)"
                  >
                    <span>
                      Score
                    </span>
                    <span
                      class="mito-viewer__sort-icon-container"
                    >
                      <span
                        class="mito-viewer__sort-icon mito-viewer__sort-icon-inactive"
                      >
                        Γçà
                      </span>
                    </span>
                    <div
                      class="mito-viewer__column-dtype"
                    >
                      float64
                    </div>
                    <div
                      class="mito-viewer__resize-handle"
                    />
                  </th>
                </tr>
              </thead>
              <tbody>
                <tr
                  class="mito-viewer__body-row mito-viewer__body-row-even"
                >
                  <td
                    class="mito-viewer__body-cell mito-viewer__body-cell-numeric mito-viewer__body-cell-index"
                    style="width: 200px; min-width: 200px;"
                    title="0"
                  >
                    0
                  </td>
                  <td
                    class="mito-viewer__body-cell mito-viewer__body-cell-text"
                    style="width: 200px; min-width: 200px;"
                    title="Alice"
                  >
                    Alice
                  </td>
                  <td
                    class="mito-viewer__body-cell mito-viewer__body-cell-numeric"
                    style="width: 200px; min-width: 200px;"
                    title="25"
                  >
                    25
                  </td>
                  <td
                    class="mito-viewer__body-cell mito-viewer__body-cell-numeric"
                    style="width: 200px; min-width: 200px;"
                    title="85.5"
                  >
                    <span
                      class="mito-viewer__numeric-aligned"
                    >
                      <span
                        class="mito-viewer__numeric-integer"
                      >
                        85
                      </span>
                      <span
                        class="mito-viewer__numeric-decimal-separator"
                      >
                        .
                      </span>
                      <span
                        class="mito-viewer__numeric-decimal"
                        style="min-width: 1ch;"
                      >
                        5
                      </span>
                    </span>
                  </td>
                </tr>
                <tr
                  class="mito-viewer__body-row mito-viewer__body-row-odd"
                >
                  <td
                    class="mito-viewer__body-cell mito-viewer__body-cell-numeric mito-viewer__body-cell-index"
                    style="width: 200px; min-width: 200px;"
                    title="1"
                  >
                    1
                  </td>
                  <td
                    class="mito-viewer__body-cell mito-viewer__body-cell-text"
                    style="width: 200px; min-width: 200px;"
                    title="Bob"
                  >
                    Bob
                  </td>
                  <td
                    class="mito-viewer__body-cell mito-viewer__body-cell-numeric"
                    style="width: 200px; min-width: 200px;"
                    title="30"
                  >
                    30
                  </td>
                  <td
                    class="mito-viewer__body-cell mito-viewer__body-cell-numeric"
                    style="width: 200px; min-width: 200px;"
                    title="92"
                  >
                    <span
                      class="mito-viewer__numeric-aligned"
                    >
                      <span
                        class="mito-viewer__numeric-integer"
                      >
                        92
                      </span>
                      <span
                        class="mito-viewer__numeric-decimal-separator"
                        style="visibility: hidden;"
                      >
                        .
                      </span>
                      <span
                        class="mito-viewer__numeric-decimal"
                        style="min-width: 1ch;"
                      />
                    </span>
                  </td>
                </tr>
                <tr
                  class="mito-viewer__body-row mito-viewer__body-row-even"
                >
                  <td
                    class="mito-viewer__body-cell mito-viewer__body-cell-numeric mito-viewer__body-cell-index"
                    style="width: 200px; min-width: 200px;"
                    title="2"
                  >
                    2
                  </td>
                  <td
                    class="mito-viewer__body-cell mito-viewer__body-cell-text"
                    style="width: 200px; min-width: 200px;"
                    title="Charlie"
                  >
                    Charlie
                  </td>
                  <td
                    class="mito-viewer__body-cell mito-viewer__body-cell-numeric"
                    style="width: 200px; min-width: 200px;"
                    title="35"
                  >
                    35
                  </td>
                  <td
                    class="mito-viewer__body-cell mito-viewer__body-cell-numeric"
                    style="width: 200px; min-width: 200px;"
                    title="78.2"
                  >
                    <span
                      class="mito-viewer__numeric-aligned"
                    >
                      <span
                        class="mito-viewer__numeric-integer"
                      >
                        78
                      </span>
                      <span
                        class="mito-viewer__numeric-decimal-separator"
                      >
                        .
                      </span>
                      <span
                        class="mito-viewer__numeric-decimal"
                        style="min-width: 1ch;"
                      >
                        2
                      </span>
                    </span>
                  </td>
                </tr>
              </tbody>
            </table>
          </div>
        </div>
      </div>
    </body>

      213 |         // First click - ascending
      214 |         await user.click(nameHeader);
    > 215 |         expect(screen.getByText("Γåæ")).toBeInTheDocument();
          |                       ^
      216 |
      217 |         // Second click - descending
      218 |         await user.click(nameHeader);

      at Object.getElementError (node_modules/@testing-library/dom/dist/config.js:37:19)
      at node_modules/@testing-library/dom/dist/query-helpers.js:76:38
      at node_modules/@testing-library/dom/dist/query-helpers.js:52:17
      at node_modules/@testing-library/dom/dist/query-helpers.js:95:19
      at Object.<anonymous> (src/tests/MitoViewer.test.tsx:215:23)

Test Suites: 1 failed, 1 total
Tests:       3 failed, 11 passed, 14 total
Snapshots:   0 total
Time:        10.839 s, estimated 11 s
Ran all test suites matching MitoViewer.
